// Jest Snapshot v1, https://goo.gl/fbAQLP

exports[`Snapshot 1`] = `
<div
  className="signup_form"
>
  <h1>
    Create Your Account
  </h1>
  <form
    onSubmit={[Function]}
  >
    <label
      htmlFor="first_name"
    >
      First Name:
      <input
        data-testid="first_name"
        id="first_name"
        onChange={[Function]}
        required={true}
        type="text"
        value=""
      />
    </label>
    <label
      htmlFor="last_name"
    >
      Last Name:
      <input
        data-testid="last_name"
        id="last_name"
        onChange={[Function]}
        required={true}
        type="text"
        value=""
      />
    </label>
    <label
      htmlFor="email"
    >
      Email:
      <input
        data-testid="email"
        id="email"
        onChange={[Function]}
        required={true}
        type="text"
        value=""
      />
      
    </label>
    <label
      htmlFor="email2"
    >
      Email Confirmation:
      <input
        data-testid="email2"
        id="email2"
        onChange={[Function]}
        required={true}
        type="text"
        value=""
      />
      
    </label>
    <label
      htmlFor="password"
    >
      Password:
      <input
        data-testid="password"
        id="password"
        onChange={[Function]}
        required={true}
        type="text"
        value=""
      />
      
    </label>
    <span>
      (at least 8 characters)
    </span>
    <input
      type="submit"
    />
    <div
      className="message"
    >
      
    </div>
  </form>
</div>
`;
